gain_propagation  d=3  tags=static-ref,connect  systemes/tag=150  instances=6
  PREDICTION (ecrite avant, DECISIONS.md) :
    gain FORT sur static-ref, gain FAIBLE sur connect

  static-ref   systemes reconstruits : 46009
  connect      systemes reconstruits : 47708

== GARDE 1 : canari de non-redondance ==
  systemes : 77   T0 vs prop -- identiques : 54   differentes : 23
  articulation : identiques : 75   differentes : 2
  brut : inconnues=3313  restantes_T0=934  restantes_prop=607  restantes_ART=580
  OK : les trois mesures different, aucune ne sature.

== MESURE ==
  static-ref   n=13506  inconnues=635414   restantes_T0=165993   restantes_prop=72993    restantes_ART=72993  
               SANS articulation : agrege = 0.560   moyen = 0.700
               AVEC articulation : agrege = 0.560   moyen = 0.700
  connect      n=17547  inconnues=933906   restantes_T0=555032   restantes_prop=411614   restantes_ART=398049 
               SANS articulation : agrege = 0.258   moyen = 0.234
               AVEC articulation : agrege = 0.283   moyen = 0.262

  ECART ENTRE TAGS, SANS articulation (bras du 26/08) :
    static-ref 0.700  vs  connect 0.234   p = 0.0005
  ECART ENTRE TAGS, AVEC articulation (controle du 27/08) :
    static-ref 0.700  vs  connect 0.262   p = 0.0005

  LE CONTROLE DE CIRCULARITE SE LIT SUR LA LIGNE `connect`,
  ET SUR ELLE SEULE :
    - si le gain AVEC articulation y reste bas, la resistance
      est une propriete de LA CONTRAINTE et non de notre
      implementation : la circularite tombe ;
    - s'il monte vers celui de static-ref, ce qu'on mesurait
      etait la FAIBLESSE DE NOTRE PROPAGATEUR, et l'hypothese
      centrale perd son meilleur soutien.
  Les deux issues etaient ecrites AVANT la mesure
  (DECISIONS.md, 27/08). Aucune n'est l'issue esperee.
